
> api@0.0.1 start:prod
> node dist/main

node:internal/modules/cjs/loader:1479
  throw err;
  ^

Error: Cannot find module '/Users/mac/Desktop/SEO/apps/api/dist/main'
    at Module._resolveFilename (node:internal/modules/cjs/loader:1476:15)
    at wrapResolveFilename (node:internal/modules/cjs/loader:1049:27)
    at defaultResolveImplForCJSLoading (node:internal/modules/cjs/loader:1073:10)
    at resolveForCJSWithHooks (node:internal/modules/cjs/loader:1094:12)
    at Module._load (node:internal/modules/cjs/loader:1262:25)
    at wrapModuleLoad (node:internal/modules/cjs/loader:255:19)
    at Module.executeUserEntryPoint [as runMain] (node:internal/modules/run_main:154:5)
    at node:internal/main/run_main_module:33:47 {
  code: 'MODULE_NOT_FOUND',
  requireStack: []
}

Node.js v24.15.0
npm error Lifecycle script `start:prod` failed with error:
npm error code 1
npm error path /Users/mac/Desktop/SEO/apps/api
npm error workspace api@0.0.1
npm error location /Users/mac/Desktop/SEO/apps/api
npm error command failed
npm error command sh -c node dist/main
