
> ai-marketing-seo-assistant@0.1.0 build
> npm run build --workspaces --if-present


> api@0.0.1 build
> npm run build:deps && nest build


> api@0.0.1 build:deps
> cd ../.. && npx prisma generate --schema=packages/database/prisma/schema.prisma && npm run build --workspace=@ai-marketing/shared --workspace=@ai-marketing/ai --workspace=@ai-marketing/analytics --workspace=@ai-marketing/database --workspace=@ai-marketing/seo --workspace=@ai-marketing/social --if-present

Environment variables loaded from .env
Prisma schema loaded from packages/database/prisma/schema.prisma

✔ Generated Prisma Client (v5.22.0) to ./node_modules/@prisma/client in 452ms

Start by importing your Prisma Client (See: https://pris.ly/d/importing-client)

Tip: Easily identify and fix slow SQL queries in your app. Optimize helps you enhance your visibility: https://pris.ly/--optimize


> @ai-marketing/shared@0.1.0 build
> tsc


> @ai-marketing/seo@1.0.0 build
> tsc


> web@0.1.0 build
> next build

  ▲ Next.js 14.2.35
  - Environments: .env.local

   Creating an optimized production build ...
 ✓ Compiled successfully
   Linting and checking validity of types ...

Failed to compile.

./src/app/workspaces/[workspaceId]/content/[id]/page.tsx
91:24  Error: Unexpected any. Specify a different type.  @typescript-eslint/no-explicit-any

./src/app/workspaces/[workspaceId]/content/new/page.tsx
50:24  Error: Unexpected any. Specify a different type.  @typescript-eslint/no-explicit-any

./src/app/workspaces/[workspaceId]/settings/error.tsx
12:74  Error: `'` can be escaped with `&apos;`, `&lsquo;`, `&#39;`, `&rsquo;`.  react/no-unescaped-entities

info  - Need to disable some ESLint rules? Learn more here: https://nextjs.org/docs/basic-features/eslint#disabling-rules
npm error Lifecycle script `build` failed with error:
npm error code 1
npm error path /Users/mac/Desktop/SEO/apps/web
npm error workspace web@0.1.0
npm error location /Users/mac/Desktop/SEO/apps/web
npm error command failed
npm error command sh -c next build


> @ai-marketing/shared@0.1.0 build
> tsc


> @ai-marketing/seo@1.0.0 build
> tsc

