
> web@0.1.0 dev
> next dev

  ▲ Next.js 14.2.35
  - Local:        http://localhost:3000
  - Environments: .env.local

 ✓ Starting...
 ✓ Ready in 1657ms
 ○ Compiling /login ...
 ✓ Compiled /login in 3.7s (586 modules)
 GET /login 200 in 4127ms
 ✓ Compiled in 393ms (278 modules)
 ○ Compiling /favicon.ico ...
 ✓ Compiled /favicon.ico in 1366ms (322 modules)
 GET /favicon.ico 200 in 1477ms
 GET /login? 200 in 1134ms
 GET /favicon.ico 200 in 6ms
 GET /favicon.ico 200 in 8ms
 GET /login 200 in 22ms
 GET /favicon.ico 200 in 8ms
 ✓ Compiled /workspaces in 242ms (592 modules)
 GET /favicon.ico 200 in 17ms
 GET /login 200 in 97ms
 GET /favicon.ico 200 in 5ms
 ✓ Compiled /workspaces/[workspaceId] in 413ms (649 modules)
 GET /favicon.ico 200 in 433ms
 GET /workspaces/c21eaae9-e1e2-444e-89ca-e408312f35ed 200 in 771ms
 GET /favicon.ico 200 in 7ms
 ✓ Compiled /workspaces/[workspaceId]/research in 199ms (655 modules)
 GET /workspaces/c21eaae9-e1e2-444e-89ca-e408312f35ed/research 200 in 523ms
 GET /favicon.ico 200 in 8ms
 ✓ Compiled /workspaces/[workspaceId]/seo in 188ms (661 modules)
 GET /workspaces/c21eaae9-e1e2-444e-89ca-e408312f35ed/seo 200 in 490ms
 GET /favicon.ico 200 in 8ms
 ✓ Compiled /workspaces/[workspaceId]/content in 168ms (667 modules)
 GET /workspaces/c21eaae9-e1e2-444e-89ca-e408312f35ed/content 200 in 478ms
 GET /favicon.ico 200 in 6ms
 ✓ Compiled /workspaces/[workspaceId]/calendar in 182ms (673 modules)
 GET /workspaces/c21eaae9-e1e2-444e-89ca-e408312f35ed/calendar 200 in 503ms
 GET /favicon.ico 200 in 6ms
 ✓ Compiled /workspaces/[workspaceId]/analytics in 203ms (679 modules)
 GET /workspaces/c21eaae9-e1e2-444e-89ca-e408312f35ed/analytics 200 in 526ms
 GET /favicon.ico 200 in 6ms
 ✓ Compiled /workspaces/[workspaceId]/sources in 237ms (685 modules)
 GET /workspaces/c21eaae9-e1e2-444e-89ca-e408312f35ed/sources 200 in 562ms
 GET /favicon.ico 200 in 7ms
 ✓ Compiled /workspaces/[workspaceId]/agent in 209ms (691 modules)
 GET /workspaces/c21eaae9-e1e2-444e-89ca-e408312f35ed/agent 200 in 538ms
 GET /favicon.ico 200 in 7ms
 ✓ Compiled /workspaces/[workspaceId]/settings in 309ms (700 modules)
 ⚠ Fast Refresh had to perform a full reload due to a runtime error.
 GET /workspaces/c21eaae9-e1e2-444e-89ca-e408312f35ed/settings 200 in 334ms
 ⚠ Fast Refresh had to perform a full reload due to a runtime error.
 ✓ Compiled /workspaces/[workspaceId]/brand-profile in 368ms (702 modules)
 GET /favicon.ico 200 in 410ms
 GET /workspaces/c21eaae9-e1e2-444e-89ca-e408312f35ed/brand-profile 200 in 704ms
 GET /favicon.ico 200 in 5ms
 ✓ Compiled /workspaces/[workspaceId]/reports in 236ms (708 modules)
 GET /workspaces/c21eaae9-e1e2-444e-89ca-e408312f35ed/reports 200 in 540ms
 GET /favicon.ico 200 in 10ms
 ✓ Compiled /workspaces/[workspaceId]/seo-audit in 268ms (714 modules)
 GET /workspaces/c21eaae9-e1e2-444e-89ca-e408312f35ed/seo-audit 200 in 568ms
 GET /favicon.ico 200 in 9ms
 ✓ Compiled /workspaces/[workspaceId]/automations in 254ms (720 modules)
 GET /workspaces/c21eaae9-e1e2-444e-89ca-e408312f35ed/automations 200 in 580ms
 GET /favicon.ico 200 in 6ms
 ✓ Compiled /workspaces/[workspaceId]/seo-opportunities in 260ms (726 modules)
 GET /workspaces/c21eaae9-e1e2-444e-89ca-e408312f35ed/seo-opportunities 200 in 556ms
 GET /favicon.ico 200 in 6ms
 ✓ Compiled /workspaces/[workspaceId]/seo-links in 311ms (732 modules)
 GET /workspaces/c21eaae9-e1e2-444e-89ca-e408312f35ed/seo-links 200 in 627ms
 GET /favicon.ico 200 in 7ms
 ✓ Compiled /workspaces/[workspaceId]/social in 299ms (738 modules)
 GET /workspaces/c21eaae9-e1e2-444e-89ca-e408312f35ed/social 200 in 631ms
 GET /favicon.ico 200 in 6ms
 ✓ Compiled /workspaces/[workspaceId]/seo-studio in 311ms (744 modules)
 GET /workspaces/c21eaae9-e1e2-444e-89ca-e408312f35ed/seo-studio 200 in 634ms
 GET /favicon.ico 200 in 6ms
 ✓ Compiled /workspaces/[workspaceId]/keyword-research in 341ms (750 modules)
 GET /workspaces/c21eaae9-e1e2-444e-89ca-e408312f35ed/keyword-research 200 in 670ms
 GET /favicon.ico 200 in 7ms
 ✓ Compiled /workspaces/[workspaceId]/seo-content in 325ms (756 modules)
 GET /workspaces/c21eaae9-e1e2-444e-89ca-e408312f35ed/seo-content 200 in 626ms
 GET /favicon.ico 200 in 5ms
 ✓ Compiled /workspaces/[workspaceId]/search-console in 313ms (762 modules)
 GET /workspaces/c21eaae9-e1e2-444e-89ca-e408312f35ed/search-console 200 in 607ms
 GET /favicon.ico 200 in 6ms
 ✓ Compiled /workspaces/[workspaceId]/content/new in 321ms (768 modules)
 GET /workspaces/c21eaae9-e1e2-444e-89ca-e408312f35ed/content/new 200 in 639ms
 GET /favicon.ico 200 in 7ms
 ✓ Compiled /workspaces/[workspaceId]/content/[id] in 338ms (774 modules)
 GET /workspaces/c21eaae9-e1e2-444e-89ca-e408312f35ed/content/bf3e4d24-017b-4213-a6ab-c391283edee8 200 in 642ms
 GET /favicon.ico 200 in 7ms
 GET /workspaces/c21eaae9-e1e2-444e-89ca-e408312f35ed 200 in 22ms
 GET /favicon.ico 200 in 5ms
 GET /workspaces/c21eaae9-e1e2-444e-89ca-e408312f35ed/research 200 in 18ms
 GET /favicon.ico 200 in 5ms
 GET /workspaces/c21eaae9-e1e2-444e-89ca-e408312f35ed/seo 200 in 18ms
 GET /favicon.ico 200 in 4ms
 GET /workspaces/c21eaae9-e1e2-444e-89ca-e408312f35ed/content 200 in 19ms
 GET /favicon.ico 200 in 5ms
 GET /workspaces/c21eaae9-e1e2-444e-89ca-e408312f35ed/calendar 200 in 20ms
 GET /favicon.ico 200 in 5ms
 GET /workspaces/c21eaae9-e1e2-444e-89ca-e408312f35ed/analytics 200 in 21ms
 GET /favicon.ico 200 in 10ms
 GET /workspaces/c21eaae9-e1e2-444e-89ca-e408312f35ed/sources 200 in 21ms
 GET /favicon.ico 200 in 5ms
 GET /workspaces/c21eaae9-e1e2-444e-89ca-e408312f35ed/agent 200 in 18ms
 GET /favicon.ico 200 in 5ms
 GET /workspaces/c21eaae9-e1e2-444e-89ca-e408312f35ed/settings 200 in 19ms
 GET /favicon.ico 200 in 5ms
 GET /workspaces/c21eaae9-e1e2-444e-89ca-e408312f35ed/brand-profile 200 in 20ms
 GET /favicon.ico 200 in 9ms
 GET /workspaces/c21eaae9-e1e2-444e-89ca-e408312f35ed/reports 200 in 18ms
 GET /favicon.ico 200 in 5ms
 GET /workspaces/c21eaae9-e1e2-444e-89ca-e408312f35ed/seo-audit 200 in 18ms
 GET /favicon.ico 200 in 19ms
 GET /workspaces/c21eaae9-e1e2-444e-89ca-e408312f35ed/automations 200 in 21ms
 GET /favicon.ico 200 in 5ms
 GET /workspaces/c21eaae9-e1e2-444e-89ca-e408312f35ed/seo-opportunities 200 in 19ms
 GET /favicon.ico 200 in 5ms
 GET /workspaces/c21eaae9-e1e2-444e-89ca-e408312f35ed/seo-links 200 in 19ms
 GET /favicon.ico 200 in 5ms
 GET /workspaces/c21eaae9-e1e2-444e-89ca-e408312f35ed/social 200 in 21ms
 GET /favicon.ico 200 in 8ms
 GET /workspaces/c21eaae9-e1e2-444e-89ca-e408312f35ed/seo-studio 200 in 17ms
 GET /favicon.ico 200 in 6ms
 GET /workspaces/c21eaae9-e1e2-444e-89ca-e408312f35ed/keyword-research 200 in 19ms
 GET /favicon.ico 200 in 8ms
 GET /workspaces/c21eaae9-e1e2-444e-89ca-e408312f35ed/seo-content 200 in 21ms
 GET /favicon.ico 200 in 5ms
 GET /workspaces/c21eaae9-e1e2-444e-89ca-e408312f35ed/search-console 200 in 19ms
 GET /favicon.ico 200 in 6ms
 GET /workspaces/c21eaae9-e1e2-444e-89ca-e408312f35ed/content/new 200 in 19ms
 GET /favicon.ico 200 in 15ms
 GET /workspaces/c21eaae9-e1e2-444e-89ca-e408312f35ed/content/bf3e4d24-017b-4213-a6ab-c391283edee8 200 in 14ms
 GET /favicon.ico 200 in 6ms
 GET /workspaces/c21eaae9-e1e2-444e-89ca-e408312f35ed/settings 200 in 16ms
 GET /favicon.ico 200 in 5ms
 GET /workspaces/c21eaae9-e1e2-444e-89ca-e408312f35ed/settings 200 in 19ms
 GET /favicon.ico 200 in 5ms
 GET /workspaces/c21eaae9-e1e2-444e-89ca-e408312f35ed/brand-profile 200 in 19ms
 GET /favicon.ico 200 in 5ms
 GET /workspaces/c21eaae9-e1e2-444e-89ca-e408312f35ed/brand-profile 200 in 15ms
 GET /favicon.ico 200 in 4ms
 GET /workspaces/c21eaae9-e1e2-444e-89ca-e408312f35ed/calendar 200 in 16ms
 GET /favicon.ico 200 in 15ms
 GET /login 200 in 27ms
 GET /favicon.ico 200 in 5ms
 ⚠ Cross origin request detected from 127.0.0.1 to /_next/* resource. In a future major version of Next.js, you will need to explicitly configure "allowedDevOrigins" in next.config to allow this.
Read more: https://nextjs.org/docs/app/api-reference/config/next-config-js/allowedDevOrigins
 ✓ Compiled /_not-found in 468ms (777 modules)
 GET /api/auth/me 404 in 567ms
 GET /api/auth/me 404 in 10ms
